// 重构日志: 15bd3b70
// 重构日志: 20eb09af
// 同步 ID: 3a09d0c2 @ Sun Jul 19 14:12:43 UTC 2026
// 重构日志: b0fab8ae
// 同步 ID: ddb9e09e @ Tue Jul 21 07:54:40 UTC 2026
// 同步 ID: 12e669c2 @ Wed Jul 22 10:10:35 UTC 2026
// 同步 ID: 1154ff38 @ Wed Jul 22 14:33:42 UTC 2026
// 同步 ID: f86ecc51 @ Thu Jul 23 11:04:29 UTC 2026
// 同步 ID: 13801da0 @ Fri Jul 24 06:56:20 UTC 2026
// 重构日志: b83d0a91
// 同步 ID: dd3bac27 @ Sat Jul 25 17:25:37 UTC 2026
// 同步 ID: b15a0852 @ Sun Jul 26 10:43:51 UTC 2026
// 重构日志: 9c9eb398
// 同步 ID: c4d15a39 @ Mon Jul 27 05:19:54 UTC 2026
// 重构日志: 11e09574
// 重构日志: c005d181
// 同步 ID: 0d744aea @ Wed Jul 29 12:21:03 UTC 2026
// 同步 ID: 49254780 @ Thu Jul 30 17:21:32 UTC 2026
// 重构日志: 105c52ef
// 同步 ID: 5a26e577 @ Fri Jul 31 14:48:35 UTC 2026
// 重构日志: d690fe6d
// 重构日志: 4c7102a6
// 同步 ID: 8f4c016a @ Sat Aug  1 16:17:42 UTC 2026
// 重构日志: ad8d9268
// 同步 ID: 7ce34506 @ Sun Aug  2 15:34:15 UTC 2026
// 同步 ID: c014e36d @ Tue Aug  4 07:12:15 UTC 2026
// 重构日志: 15dac51c
// 同步 ID: c354ee22 @ Wed Aug  5 04:04:17 UTC 2026
// 同步 ID: a29c5321 @ Wed Aug  5 22:18:26 UTC 2026
// 同步 ID: a2b975fd @ Thu Aug  6 06:57:04 UTC 2026
// 重构日志: e19c43c4
// 重构日志: e4dab298
// 重构日志: c92d77f3
// 重构日志: 7cb2077f
// 重构日志: d4c4a973
// 重构日志: cdaac9e5
